✔ ../keepalive_authority_state.js: finds an index beyond the Contents API directory limit (23.203042ms)
✔ ../keepalive_authority_state.js: proves absence only from complete validated evidence (0.439042ms)
✔ ../keepalive_authority_state.js: rejects incomplete, unreadable, or malformed evidence (0.839166ms)
✔ ../keepalive_authority_state.js: rejects lost, conflicting, or malformed inventory publication (0.378209ms)
✔ ../../../templates/consumer-repo/.github/scripts/keepalive_authority_state.js: finds an index beyond the Contents API directory limit (18.232083ms)
✔ ../../../templates/consumer-repo/.github/scripts/keepalive_authority_state.js: proves absence only from complete validated evidence (0.287625ms)
✔ ../../../templates/consumer-repo/.github/scripts/keepalive_authority_state.js: rejects incomplete, unreadable, or malformed evidence (0.537041ms)
✔ ../../../templates/consumer-repo/.github/scripts/keepalive_authority_state.js: rejects lost, conflicting, or malformed inventory publication (0.277333ms)
✔ ../keepalive_authority_state.js: an older writer invalidates negative presence by changing the subtree (0.794666ms)
✔ ../keepalive_authority_state.js: concurrent changes fail closed during warm read, backfill and publication (0.970042ms)
✔ ../../../templates/consumer-repo/.github/scripts/keepalive_authority_state.js: an older writer invalidates negative presence by changing the subtree (0.714125ms)
✔ ../../../templates/consumer-repo/.github/scripts/keepalive_authority_state.js: concurrent changes fail closed during warm read, backfill and publication (0.512125ms)
✔ replay proves an absent PR ledger from a complete pinned authority tree (1.113209ms)
✔ replay does not reinterpret an unavailable authority branch as no ledger (0.312042ms)
✔ replay rejects a truncated authority tree instead of proving absence (0.106333ms)
✔ replay rejects malformed entries instead of treating them as proof of absence (0.17975ms)
✔ replay accepts valid unrelated entries beside the authority path (0.128625ms)
✔ replay reads a present ledger from the pinned blob (1.297208ms)
✔ replay does not reinterpret an unreadable pinned ledger as absent (0.141209ms)
✔ replay rejects non-canonical base64 in a present pinned ledger (0.148292ms)
✔ replay rejects invalid receipts in every ledger slot (0.556333ms)
✔ one generation grants once across attempts, providers, heads and nonces (2.535875ms)
✔ preparation is non-authorizing and can be conditionally released before reservation (0.584917ms)
✔ an exact release retry is idempotent but cannot release a replacement receipt (0.54425ms)
✔ released availability rotates for a changed boundary while retaining receipt lineage (0.880958ms)
✔ released availability rotates an expired window while retaining receipt lineage (0.442334ms)
✔ beginChallenge reaps an expired orphaned preparation with exact index and PR evidence (0.853916ms)
✔ beginChallenge migrates an expired legacy preparation after exact index backfill (1.492458ms)
✔ legacy preparation migration accepts an exact index retry but rejects conflicts (1.46025ms)
✔ legacy preparation migration converges on a concurrent valid release (0.434458ms)
✔ lost preparation response remains recoverable after expiry (0.442ms)
✔ expired preparation stays fail-closed without exact index or eligible PR evidence (1.238959ms)
✔ expired preparation stays fail-closed when its persisted claim is inconsistent (0.263834ms)
✔ finalization winning the expired-preparation race preserves the consumed receipt (0.518667ms)
✔ expired prepared release creates a fresh due window without refunding its attempt (0.615709ms)
✔ expired earlier release refreshes once and retains the original receipt lineage (1.161333ms)
✔ expired preparation cannot rotate while the exact-head PR has a human blocker (0.305458ms)
✔ lost response after expired release is accepted only from settled exact ledger state (0.390042ms)
✔ a generation is never reused for a different originating head (0.164042ms)
✔ head changed during consumption spends receipt but denies grant (0.31675ms)
✔ head changed before the ledger PUT still denies the grant (0.27425ms)
✔ routing label changed during consumption denies the grant (0.235209ms)
✔ head changed during confirmation never reports trusted confirmation (0.490792ms)
✔ reconciliation rejects a replacement available head before reading its null receipt (0.157792ms)
✔ workflow reporter reopens with the persisted claim and failed run identity (0.395584ms)
✔ failed-run reconciliation is independent of summary state and requires positive non-start (0.419084ms)
✔ a corrupted direct attempt index denies finalization and missing-PR recovery (0.261916ms)
✔ lost index-create response denies this preparation but permits exact later retry (0.299083ms)
✔ consumed receipt only reopens for its exact attempt with a proven unstarted worker (0.303375ms)
✔ recovered retry revalidates PR state and refreshes an expired window (3.723791ms)
✔ recovered window refresh settles an exact committed write after response loss (0.546834ms)
✔ unavailable PR read after confirmation preserves the confirmed challenge (0.348167ms)
✔ confirmed receipt never reopens after a same-head hard label removal (0.290792ms)
✔ expired consumed generation cannot be replaced without positive non-start (0.4705ms)
✔ expired confirmed generation cannot be reopened by initialization (0.372959ms)
✔ two racing consumers produce at most one grant through the conditional SHA (0.417625ms)
✔ ambiguous write consumes if it landed but never grants a second execution (0.764458ms)
✔ missing or corrupt authoritative state never grants (0.232416ms)
✔ .github/workflows/agents-keepalive-loop.yml: ordinary unassociated dispatch recovers its canonical PR target (2.166625ms)
✔ .github/workflows/agents-keepalive-loop.yml: authority candidate without index fails closed (1.012375ms)
✔ .github/workflows/agents-keepalive-loop.yml: malformed or legacy binding cannot become ordinary (6.532041ms)
✔ templates/consumer-repo/.github/workflows/agents-81-gate-followups.yml: ordinary unassociated dispatch recovers its canonical PR target (0.623209ms)
✔ templates/consumer-repo/.github/workflows/agents-81-gate-followups.yml: authority candidate without index fails closed (0.613833ms)
✔ templates/consumer-repo/.github/workflows/agents-81-gate-followups.yml: malformed or legacy binding cannot become ordinary (7.250625ms)
✔ verified index wins over an ordinary title and needs no title lookup (0.173958ms)
✔ unavailable or corrupt index lookup never becomes an ordinary skip (0.172916ms)
✔ wrong originating workflow or event cannot claim ordinary routing (0.518542ms)
✔ originating revision without the classification contract fails closed (0.307791ms)
✔ contract-shaped text outside the top-level run-name cannot authorize a target (0.191084ms)
✔ associated runs avoid the unassociated locator altogether (0.075666ms)
✔ delayed released recovery is located, reconciled, and projected after summary retry (1.9075ms)
✔ delayed reopened recovery is located, reconciled, and projected after summary retry (0.202625ms)
✔ 404 reconciliation preserves the owner-attempt binding for normal reporting (1.500875ms)
✔ non-released reconciliation preserves the owner-attempt binding for normal reporting (0.114708ms)
✔ non-released delayed reporter stops when a newer attempt owns the running summary (0.123333ms)
✔ recovery rejects unknown worker evidence before authority mutation (0.073333ms)
✔ recovery rejects a delayed summary marker for a different attempt or generation (0.163542ms)
✔ superseded recovery stops reporter processing without comment mutation (0.084667ms)
✔ owner attempt parsing is repository-bound and canonical (0.127791ms)
✔ a later replay wake recovers a dropped middle reporter from the current receipt (0.337292ms)
✔ replay is a no-op when an ordinary PR has no authority ledger (0.08025ms)
✔ replay still fails closed when an authority ledger read fails (0.0645ms)
✔ replay fails closed when an authority candidate PR has a missing ledger but has attempt indexes (0.062959ms)
✔ replay rejects a present receipt with an invalid owner attempt (0.052708ms)
✔ replay fails closed when reconciliation remains uncertain (0.161917ms)
✔ replay fails closed when exact-attempt worker evidence is unknown (0.117042ms)
✔ replay defers an exact active attempt without worker reads or state writes (0.118625ms)
ℹ tests 87
ℹ suites 0
ℹ pass 87
ℹ fail 0
ℹ cancelled 0
ℹ skipped 0
ℹ todo 0
ℹ duration_ms 104.042291
